// Jest Snapshot v1, https://goo.gl/fbAQLP

exports[`Pruebas en <PrimeraApp /> debe de mostrar </PrimeraApp /> correctamente 1`] = `
<Fragment>
  <h1>
    Hola, mi nombre es Raul Mercado
    !!!
  </h1>
  <p>
    soy un subtitulo
  </p>
</Fragment>
`;
